// Jest Snapshot v1, https://goo.gl/fbAQLP

exports[`Post should not render media fallback for non-videos 1`] = `ReactWrapper {}`;

exports[`Post should render Post 1`] = `ReactWrapper {}`;

exports[`Post should render Post is loading 1`] = `ReactWrapper {}`;

exports[`Post should render empty Post 1`] = `ReactWrapper {}`;

exports[`Post should render media fallback 1`] = `ReactWrapper {}`;

exports[`Post should render next post 1`] = `ReactWrapper {}`;

exports[`Post should show loading when isFetching 1`] = `ReactWrapper {}`;
